---
source: tests/enterprise/preset_snapshot_test.rs
assertion_line: 155
expression: snapshot
---
[
    "default_simple: model=default-model type=default matched=none",
    "default_non_claude: model=gpt-5.2 type=default matched=none",
    "thinking_enabled: model=think-model type=prompt-rule matched=Architect",
    "websearch_tool: model=search-model type=web-search matched=none",
    "background_haiku: model=background-model type=background matched=none",
    "prompt_rule_refactor: model=default-model type=default matched=none",
    "prompt_rule_lint: model=trivial-model type=prompt-rule matched=Lint",
    "prompt_rule_architect: model=think-model type=prompt-rule matched=Design a new system",
]
